---
source: tools/tui-abi-gen/src/main.rs
assertion_line: 304
expression: "outputs.get(\"packages/iyon-runtime/src/tui/generated/view_abi_manifest.json\").expect(\"manifest output\")"
---
{
  "abi": {
    "minimum_bun": "1.4.0",
    "name": "iyon_tui_view",
    "qualified_bun": "1.4.0",
    "result_encoding": "u32_high_bit_status",
    "semantic_schema": 1,
    "version": 1
  },
  "conformance": [
    {
      "args": [
        "u8",
        "u8",
        "u8",
        "u8",
        "u8",
        "u8",
        "u8",
        "u8"
      ],
      "name": "u8_8",
      "operation": "position_weighted_sum",
      "return": "u32"
    },
    {
      "args": [
        "u16",
        "u16",
        "u16",
        "u16",
        "u16",
        "u16",
        "u16",
        "u16"
      ],
      "name": "u16_8",
      "operation": "position_weighted_sum",
      "return": "u32"
    },
    {
      "args": [
        "u32",
        "u32",
        "u32",
        "u32",
        "u32",
        "u32",
        "u32",
        "u32"
      ],
      "name": "u32_8",
      "operation": "position_weighted_sum",
      "return": "u32"
    },
    {
      "args": [
        "u32",
        "u32",
        "u32",
        "u32",
        "u32",
        "u32",
        "u32",
        "u32",
        "u32",
        "u32",
        "u32",
        "u32",
        "u32",
        "u32",
        "u32",
        "u32"
      ],
      "name": "u32_16",
      "operation": "position_weighted_sum",
      "return": "u32"
    },
    {
      "args": [
        "i32",
        "i32",
        "i32",
        "i32"
      ],
      "name": "i32_4",
      "operation": "position_weighted_sum",
      "return": "i32"
    },
    {
      "args": [
        "f32",
        "f32",
        "f32",
        "f32"
      ],
      "name": "f32_4",
      "operation": "position_weighted_sum",
      "return": "f32"
    },
    {
      "args": [
        "f64",
        "f64",
        "f64",
        "f64"
      ],
      "name": "f64_4",
      "operation": "position_weighted_sum",
      "return": "f64"
    },
    {
      "args": [
        "ptr"
      ],
      "name": "pointer",
      "operation": "pointer_probe",
      "return": "u32"
    },
    {
      "args": [
        "buffer",
        "buffer_length"
      ],
      "name": "buffer",
      "operation": "buffer_probe",
      "return": "u32"
    },
    {
      "args": [
        "cstring"
      ],
      "name": "cstring",
      "operation": "cstring_hash",
      "return": "u32"
    }
  ],
  "enums": [
    {
      "name": "WrapMode",
      "repr": "u32",
      "source": "packages/iyon-runtime/src/tui/bridge-schema.json",
      "values": [
        {
          "name": "WordThenGrapheme",
          "source_key": "wrapWordThenGrapheme"
        },
        {
          "name": "Grapheme",
          "source_key": "wrapGrapheme"
        },
        {
          "name": "NoWrap",
          "source_key": "wrapNoWrap"
        }
      ]
    },
    {
      "name": "HorizontalAlign",
      "repr": "u32",
      "source": "packages/iyon-runtime/src/tui/bridge-schema.json",
      "values": [
        {
          "name": "Start",
          "source_key": "horizontalStart"
        },
        {
          "name": "Center",
          "source_key": "horizontalCenter"
        },
        {
          "name": "End",
          "source_key": "horizontalEnd"
        }
      ]
    }
  ],
  "functions": [
    {
      "args": [
        {
          "buffer_length_of": null,
          "lowering": "runtime_ptr",
          "name": "runtime",
          "type": "RuntimePtr"
        }
      ],
      "arity_specializations": [
        1
      ],
      "benchmark_registration": "ffi.noop",
      "borrow_duration": "call",
      "fallback": "none",
      "family": "runtime",
      "hotness": "probe",
      "implementation": "runtime_noop_impl",
      "max_buffer_bytes": 0,
      "max_input_count": 0,
      "may_allocate_native_memory": false,
      "mutates_host_state": false,
      "name": "runtime_noop",
      "ownership": "runtime_owned",
      "return": "u32",
      "thread_affinity": "owner_thread"
    },
    {
      "args": [
        {
          "buffer_length_of": null,
          "lowering": "runtime_ptr",
          "name": "runtime",
          "type": "RuntimePtr"
        },
        {
          "buffer_length_of": null,
          "lowering": "native_ref",
          "name": "base",
          "type": "ViewRef"
        }
      ],
      "arity_specializations": [
        1
      ],
      "benchmark_registration": "view.render_ref",
      "borrow_duration": "call",
      "fallback": "v4",
      "family": "render_ref",
      "hotness": "critical",
      "implementation": "view_render_ref_impl",
      "max_buffer_bytes": 0,
      "max_input_count": 1,
      "may_allocate_native_memory": false,
      "mutates_host_state": false,
      "name": "view_render_ref",
      "ownership": "runtime_owned",
      "return": "ViewRefResult",
      "thread_affinity": "owner_thread"
    },
    {
      "args": [
        {
          "buffer_length_of": null,
          "lowering": "runtime_ptr",
          "name": "runtime",
          "type": "RuntimePtr"
        },
        {
          "buffer_length_of": null,
          "lowering": "u32",
          "name": "node_id_low",
          "type": "u32"
        },
        {
          "buffer_length_of": null,
          "lowering": "u32",
          "name": "node_id_high",
          "type": "u32"
        },
        {
          "buffer_length_of": null,
          "lowering": "u32",
          "name": "rows",
          "type": "u32"
        }
      ],
      "arity_specializations": [
        1
      ],
      "benchmark_registration": "view.spacer_create",
      "borrow_duration": "call",
      "fallback": "v4",
      "family": "constructor",
      "hotness": "warm",
      "implementation": "view_spacer_create_impl",
      "max_buffer_bytes": 0,
      "max_input_count": 1,
      "may_allocate_native_memory": true,
      "mutates_host_state": false,
      "name": "view_spacer_create",
      "ownership": "runtime_owned",
      "return": "ViewRefResult",
      "thread_affinity": "owner_thread"
    },
    {
      "args": [
        {
          "buffer_length_of": null,
          "lowering": "runtime_ptr",
          "name": "runtime",
          "type": "RuntimePtr"
        },
        {
          "buffer_length_of": null,
          "lowering": "native_ref",
          "name": "base",
          "type": "ViewRef"
        },
        {
          "buffer_length_of": null,
          "lowering": "u32",
          "name": "node_id_low",
          "type": "u32"
        },
        {
          "buffer_length_of": null,
          "lowering": "u32",
          "name": "node_id_high",
          "type": "u32"
        },
        {
          "buffer_length_of": null,
          "lowering": "u32",
          "name": "wrap",
          "type": "WrapMode"
        },
        {
          "buffer_length_of": null,
          "lowering": "u32",
          "name": "align",
          "type": "HorizontalAlign"
        }
      ],
      "arity_specializations": [
        1
      ],
      "benchmark_registration": "view.text_layout_patch_root",
      "borrow_duration": "call",
      "fallback": "v4",
      "family": "scalar_patch",
      "hotness": "critical",
      "implementation": "view_text_layout_patch_root_impl",
      "max_buffer_bytes": 0,
      "max_input_count": 1,
      "may_allocate_native_memory": true,
      "mutates_host_state": false,
      "name": "view_text_layout_patch_root",
      "ownership": "runtime_owned",
      "return": "ViewRefResult",
      "thread_affinity": "owner_thread"
    },
    {
      "args": [
        {
          "buffer_length_of": null,
          "lowering": "runtime_ptr",
          "name": "runtime",
          "type": "RuntimePtr"
        },
        {
          "buffer_length_of": null,
          "lowering": "native_ref",
          "name": "base",
          "type": "ViewRef"
        },
        {
          "buffer_length_of": null,
          "lowering": "u32",
          "name": "node_id_low",
          "type": "u32"
        },
        {
          "buffer_length_of": null,
          "lowering": "u32",
          "name": "node_id_high",
          "type": "u32"
        },
        {
          "buffer_length_of": null,
          "lowering": "u32",
          "name": "mask",
          "type": "u32"
        },
        {
          "buffer_length_of": null,
          "lowering": "u32",
          "name": "padding_tr",
          "type": "u32"
        },
        {
          "buffer_length_of": null,
          "lowering": "u32",
          "name": "padding_bl",
          "type": "u32"
        },
        {
          "buffer_length_of": null,
          "lowering": "u32",
          "name": "width_rule",
          "type": "u32"
        },
        {
          "buffer_length_of": null,
          "lowering": "u32",
          "name": "height_rule",
          "type": "u32"
        },
        {
          "buffer_length_of": null,
          "lowering": "u32",
          "name": "min_width",
          "type": "u32"
        },
        {
          "buffer_length_of": null,
          "lowering": "u32",
          "name": "max_width",
          "type": "u32"
        },
        {
          "buffer_length_of": null,
          "lowering": "u32",
          "name": "min_height",
          "type": "u32"
        },
        {
          "buffer_length_of": null,
          "lowering": "u32",
          "name": "max_height",
          "type": "u32"
        },
        {
          "buffer_length_of": null,
          "lowering": "native_ref",
          "name": "decoration_ref",
          "type": "ViewRef"
        }
      ],
      "arity_specializations": [
        1
      ],
      "benchmark_registration": "view.common_patch_root",
      "borrow_duration": "call",
      "fallback": "v4",
      "family": "scalar_patch",
      "hotness": "critical",
      "implementation": "view_common_patch_root_impl",
      "max_buffer_bytes": 0,
      "max_input_count": 1,
      "may_allocate_native_memory": true,
      "mutates_host_state": false,
      "name": "view_common_patch_root",
      "ownership": "runtime_owned",
      "return": "ViewRefResult",
      "thread_affinity": "owner_thread"
    },
    {
      "args": [
        {
          "buffer_length_of": null,
          "lowering": "runtime_ptr",
          "name": "runtime",
          "type": "RuntimePtr"
        },
        {
          "buffer_length_of": null,
          "lowering": "u32",
          "name": "node_id_low",
          "type": "u32"
        },
        {
          "buffer_length_of": null,
          "lowering": "u32",
          "name": "node_id_high",
          "type": "u32"
        },
        {
          "buffer_length_of": null,
          "lowering": "u32",
          "name": "axis_kind",
          "type": "u32"
        },
        {
          "buffer_length_of": null,
          "lowering": "u32",
          "name": "gap",
          "type": "u32"
        },
        {
          "buffer_length_of": null,
          "lowering": "pod_slice",
          "name": "children",
          "type": "AxisChildInputV1[]"
        },
        {
          "buffer_length_of": "children",
          "lowering": "buffer_length",
          "name": "children_capacity_bytes",
          "type": "u32"
        },
        {
          "buffer_length_of": null,
          "lowering": "buffer_used",
          "name": "used_child_count",
          "type": "u32"
        }
      ],
      "arity_specializations": [
        0,
        1,
        2,
        3,
        4,
        5,
        6,
        7,
        8
      ],
      "benchmark_registration": "view.axis_create_buffer",
      "borrow_duration": "call",
      "fallback": "v4",
      "family": "constructor",
      "hotness": "warm",
      "implementation": "view_axis_create_buffer_impl",
      "max_buffer_bytes": 4194304,
      "max_input_count": 524288,
      "may_allocate_native_memory": true,
      "mutates_host_state": false,
      "name": "view_axis_create_buffer",
      "ownership": "runtime_owned",
      "return": "ViewRefResult",
      "thread_affinity": "owner_thread"
    },
    {
      "args": [
        {
          "buffer_length_of": null,
          "lowering": "runtime_ptr",
          "name": "runtime",
          "type": "RuntimePtr"
        },
        {
          "buffer_length_of": null,
          "lowering": "buffer",
          "name": "refs",
          "type": "u32[]"
        },
        {
          "buffer_length_of": "refs",
          "lowering": "buffer_length",
          "name": "refs_capacity_bytes",
          "type": "u32"
        },
        {
          "buffer_length_of": null,
          "lowering": "buffer_used",
          "name": "used_ref_count",
          "type": "u32"
        }
      ],
      "arity_specializations": [],
      "benchmark_registration": "lifecycle.release_many",
      "borrow_duration": "call",
      "fallback": "none",
      "family": "lifecycle",
      "hotness": "cold",
      "implementation": "view_release_many_impl",
      "max_buffer_bytes": 524288,
      "max_input_count": 131072,
      "may_allocate_native_memory": false,
      "mutates_host_state": false,
      "name": "view_release_many",
      "ownership": "runtime_owned",
      "return": "i32",
      "thread_affinity": "owner_thread"
    }
  ],
  "generated_outputs": [
    "crates/iyon-native/src/generated/view_abi_types.rs",
    "crates/iyon-native/src/generated/view_abi_exports.rs",
    "crates/iyon-native/src/generated/view_abi_conformance.rs",
    "crates/iyon-native/src/generated/view_abi_table.rs",
    "crates/iyon-native/include/iyon_view_abi.h",
    "packages/iyon-runtime/src/tui/generated/view_abi.ts",
    "packages/iyon-runtime/src/tui/generated/view_abi_conformance.ts",
    "packages/iyon-runtime/src/tui/generated/view_calls.ts",
    "packages/iyon-runtime/src/tui/generated/view_abi_manifest.json",
    "packages/iyon-runtime/tests/generated/view_abi_layout.test.ts",
    "packages/iyon-runtime/bench/generated/view_abi_cases.ts",
    "crates/iyon-native/tests/generated_view_abi.rs",
    "PERF-11-generated-abi-reference.md"
  ],
  "generator_blake3": "fd3bcd32d6995e625fada939bf2fd398b6dac2ec14400458b75f612cdc4d0d6d",
  "handles": [
    {
      "kind": null,
      "lifetime": "environment",
      "name": "RuntimePtr",
      "nullable": false,
      "rust": "*mut NativeViewRuntime",
      "typescript": "Pointer",
      "valid": null
    },
    {
      "kind": null,
      "lifetime": "host",
      "name": "HostPtr",
      "nullable": false,
      "rust": "*mut NativeHost",
      "typescript": "Pointer",
      "valid": null
    },
    {
      "kind": "view",
      "lifetime": "runtime",
      "name": "ViewRef",
      "nullable": false,
      "rust": "u32",
      "typescript": "number",
      "valid": "1..0x7fffffff"
    },
    {
      "kind": "path",
      "lifetime": "runtime",
      "name": "PathRef",
      "nullable": false,
      "rust": "u32",
      "typescript": "number",
      "valid": "1..0x7fffffff"
    }
  ],
  "pods": [
    {
      "align": 4,
      "field": [
        {
          "name": "track_word",
          "type": "u32"
        },
        {
          "name": "child_ref",
          "type": "u32"
        }
      ],
      "name": "AxisChildInputV1",
      "repr": "C",
      "size": 8
    }
  ],
  "schema_blake3": "d243e278b8f4640f3ae5de70c311edd1a444f7a8f6359fdf90aea70187aa9951"
}
